{"level":"info","time":"2026-09-07T20:26:31Z","message":"Thank you for trying Cloudflare Tunnel. Doing so, without a Cloudflare account, is a quick way to experiment and try it out. However, be aware that these account-less Tunnels have no uptime guarantee, are subject to the Cloudflare Online Services Terms of Use (https://www.cloudflare.com/website-terms/), and Cloudflare reserves the right to investigate your use of Tunnels for violations of such terms. If you intend to use Tunnels in production you should use a pre-created named tunnel by following: https://developers.cloudflare.com/cloudflare-one/connections/connect-apps"}
{"level":"info","time":"2026-09-07T20:26:31Z","message":"Requesting new quick Tunnel on trycloudflare.com..."}
{"level":"info","time":"2026-09-07T20:26:39Z","message":"+--------------------------------------------------------------------------------------------+"}
{"level":"info","time":"2026-09-07T20:26:39Z","message":"|  Your quick Tunnel has been created! Visit it at (it may take some time to be reachable):  |"}
{"level":"info","time":"2026-09-07T20:26:39Z","message":"|  https://attraction-vegetarian-ericsson-summaries.trycloudflare.com                        |"}
{"level":"info","time":"2026-09-07T20:26:39Z","message":"+--------------------------------------------------------------------------------------------+"}
{"level":"info","time":"2026-09-07T20:26:39Z","message":"Cannot determine default configuration path. No file [config.yml config.yaml] in [~/.cloudflared ~/.cloudflare-warp ~/cloudflare-warp]"}
{"level":"info","time":"2026-09-07T20:26:39Z","message":"Version 2026.8.3 (Checksum 83e726ed18ea78c5ad5213c4c3a3a27051393950d2bc8ed4de69bec12d14eaae)"}
{"level":"info","time":"2026-09-07T20:26:39Z","message":"GOOS: windows, GOVersion: go1.26.4, GoArch: amd64"}
{"level":"info","time":"2026-09-07T20:26:39Z","message":"Settings: map[ha-connections:1 logfile:.\\cloudflared.log loglevel:info protocol:quic url:http://localhost:8000]"}
{"level":"info","time":"2026-09-07T20:26:39Z","message":"cloudflared will not automatically update on Windows systems."}
{"level":"info","time":"2026-09-07T20:26:39Z","message":"Generated Connector ID: 674c5de3-c4be-48f4-ba41-84e4bf84d4d8"}
{"level":"info","time":"2026-09-07T20:26:39Z","message":"Initial protocol quic"}
{"level":"info","time":"2026-09-07T20:26:39Z","message":"ICMP proxy will use 10.50.2.24 as source for IPv4"}
{"level":"info","time":"2026-09-07T20:26:39Z","message":"ICMP proxy will use ::1 in zone Loopback Pseudo-Interface 1 as source for IPv6"}
{"level":"info","time":"2026-09-07T20:26:39Z","message":"cloudflared does not support loading the system root certificate pool on Windows. Please use --origin-ca-pool <PATH> to specify the path to the certificate pool"}
{"level":"info","time":"2026-09-07T20:26:39Z","message":"ICMP proxy will use 10.50.2.24 as source for IPv4"}
{"level":"info","event":0,"ip":"198.41.200.43","connIndex":0,"time":"2026-09-07T20:26:39Z","message":"Tunnel connection curve preferences: [X25519MLKEM768 CurveID(65074) CurveP256]"}
{"level":"info","time":"2026-09-07T20:26:39Z","message":"ICMP proxy will use ::1 in zone Loopback Pseudo-Interface 1 as source for IPv6"}
{"level":"info","time":"2026-09-07T20:26:39Z","message":"Starting metrics server on 127.0.0.1:20241/metrics"}
{"level":"info","time":"2026-09-07T20:26:40Z","message":"+-------------------------------------------------------------------------------------+"}
{"level":"info","time":"2026-09-07T20:26:40Z","message":"|                               CONNECTIVITY PRE-CHECKS                               |"}
{"level":"info","time":"2026-09-07T20:26:40Z","message":"+-------------------------------------------------------------------------------------+"}
{"level":"info","time":"2026-09-07T20:26:40Z","message":"|  COMPONENT         TARGET                     STATUS  DETAILS                       |"}
{"level":"info","time":"2026-09-07T20:26:40Z","message":"|  DNS Resolution    region1.v2.argotunnel.com  PASS    DNS Resolved successfully     |"}
{"level":"info","time":"2026-09-07T20:26:40Z","message":"|  DNS Resolution    region2.v2.argotunnel.com  PASS    DNS Resolved successfully     |"}
{"level":"info","time":"2026-09-07T20:26:40Z","message":"|  UDP Connectivity  region1.v2.argotunnel.com  PASS    QUIC connection successful    |"}
{"level":"info","time":"2026-09-07T20:26:40Z","message":"|  UDP Connectivity  region2.v2.argotunnel.com  PASS    QUIC connection successful    |"}
{"level":"info","time":"2026-09-07T20:26:40Z","message":"|  TCP Connectivity  region1.v2.argotunnel.com  PASS    HTTP/2 connection successful  |"}
{"level":"info","time":"2026-09-07T20:26:40Z","message":"|  TCP Connectivity  region2.v2.argotunnel.com  PASS    HTTP/2 connection successful  |"}
{"level":"info","time":"2026-09-07T20:26:40Z","message":"|  Cloudflare API    api.cloudflare.com:443     PASS    API is reachable              |"}
{"level":"info","time":"2026-09-07T20:26:40Z","message":"|                                                                                     |"}
{"level":"info","time":"2026-09-07T20:26:40Z","message":"|  SUMMARY: Environment is healthy. cloudflared will use 'quic' as primary protocol.  |"}
{"level":"info","time":"2026-09-07T20:26:40Z","message":"+-------------------------------------------------------------------------------------+"}
{"level":"info","run_id":"67e65b25-4d4c-49db-9512-0a242a483952","component":"DNS Resolution","target":"region1.v2.argotunnel.com","status":"pass","details":"DNS Resolved successfully","time":"2026-09-07T20:26:40Z","message":"precheck"}
{"level":"info","run_id":"67e65b25-4d4c-49db-9512-0a242a483952","component":"DNS Resolution","target":"region2.v2.argotunnel.com","status":"pass","details":"DNS Resolved successfully","time":"2026-09-07T20:26:40Z","message":"precheck"}
{"level":"info","run_id":"67e65b25-4d4c-49db-9512-0a242a483952","component":"UDP Connectivity","target":"region1.v2.argotunnel.com","status":"pass","details":"QUIC connection successful","time":"2026-09-07T20:26:40Z","message":"precheck"}
{"level":"info","run_id":"67e65b25-4d4c-49db-9512-0a242a483952","component":"UDP Connectivity","target":"region2.v2.argotunnel.com","status":"pass","details":"QUIC connection successful","time":"2026-09-07T20:26:40Z","message":"precheck"}
{"level":"info","run_id":"67e65b25-4d4c-49db-9512-0a242a483952","component":"TCP Connectivity","target":"region1.v2.argotunnel.com","status":"pass","details":"HTTP/2 connection successful","time":"2026-09-07T20:26:40Z","message":"precheck"}
{"level":"info","run_id":"67e65b25-4d4c-49db-9512-0a242a483952","component":"TCP Connectivity","target":"region2.v2.argotunnel.com","status":"pass","details":"HTTP/2 connection successful","time":"2026-09-07T20:26:40Z","message":"precheck"}
{"level":"info","run_id":"67e65b25-4d4c-49db-9512-0a242a483952","component":"Cloudflare API","target":"api.cloudflare.com:443","status":"pass","details":"API is reachable","time":"2026-09-07T20:26:40Z","message":"precheck"}
{"level":"info","run_id":"67e65b25-4d4c-49db-9512-0a242a483952","hard_fail":false,"suggested_protocol":"quic","time":"2026-09-07T20:26:40Z","message":"precheck complete"}
{"level":"info","event":0,"connection":"f64c87f9-6c84-476c-9398-a6d281b24754","connIndex":0,"location":"scl03","ip":"198.41.200.43","protocol":"quic","time":"2026-09-07T20:26:40Z","message":"Registered tunnel connection"}
{"level":"info","time":"2026-09-07T20:27:48Z","message":"Initiating graceful shutdown due to signal terminated ..."}
{"level":"error","event":0,"ip":"198.41.200.43","connIndex":0,"error":"context canceled","time":"2026-09-07T20:27:48Z","message":"failed to run the datagram handler"}
{"level":"error","event":0,"ip":"198.41.200.43","connIndex":0,"error":"accept stream listener encountered a failure while serving","time":"2026-09-07T20:27:48Z","message":"failed to serve tunnel connection"}
{"level":"error","event":0,"ip":"198.41.200.43","connIndex":0,"error":"accept stream listener encountered a failure while serving","time":"2026-09-07T20:27:48Z","message":"Serve tunnel error"}
{"level":"info","event":0,"ip":"198.41.200.43","connIndex":0,"time":"2026-09-07T20:27:48Z","message":"Retrying connection in up to 1s"}
{"level":"error","connIndex":0,"time":"2026-09-07T20:27:48Z","message":"Connection terminated"}
{"level":"error","time":"2026-09-07T20:27:48Z","message":"no more connections active and exiting"}
{"level":"info","time":"2026-09-07T20:27:48Z","message":"Tunnel server stopped"}
{"level":"info","time":"2026-09-07T20:27:48Z","message":"Metrics server stopped"}
